{"version":"1","cluster_name":"https://192.168.37.1:8443","namespace":"myproject","client_id":"test-client-cordova","services":[]}
