+-----------+---------------------+------+-----+
|    ID     |        NAME         | TYPE | URL |
+-----------+---------------------+------+-----+
| Client ID | test-client-cordova |      |     |
+-----------+---------------------+------+-----+
